.next/dev/types/validator.ts(207,31): error TS2344: Type 'typeof import("D:/UnifiedMentor/Projects/digital_E-GramPanchayat/src/app/api/services/[id]/route")' does not satisfy the constraint 'RouteHandlerConfig<"/api/services/[id]">'.
  Types of property 'GET' are incompatible.
    Type '(req: Request, { params }: { params: { id: string; }; }) => Promise<NextResponse<{ message: string; }> | NextResponse<{ service: Document<unknown, {}, IService, {}, DefaultSchemaOptions> & IService & Required<...> & { ...; }; }>>' is not assignable to type '(request: NextRequest, context: { params: Promise<{ id: string; }>; }) => void | Response | Promise<void | Response>'.
      Types of parameters '__1' and 'context' are incompatible.
        Type '{ params: Promise<{ id: string; }>; }' is not assignable to type '{ params: { id: string; }; }'.
          Types of property 'params' are incompatible.
            Property 'id' is missing in type 'Promise<{ id: string; }>' but required in type '{ id: string; }'.
.next/types/validator.ts(207,31): error TS2344: Type 'typeof import("D:/UnifiedMentor/Projects/digital_E-GramPanchayat/src/app/api/services/[id]/route")' does not satisfy the constraint 'RouteHandlerConfig<"/api/services/[id]">'.
  Types of property 'GET' are incompatible.
    Type '(req: Request, { params }: { params: { id: string; }; }) => Promise<NextResponse<{ message: string; }> | NextResponse<{ service: Document<unknown, {}, IService, {}, DefaultSchemaOptions> & IService & Required<...> & { ...; }; }>>' is not assignable to type '(request: NextRequest, context: { params: Promise<{ id: string; }>; }) => void | Response | Promise<void | Response>'.
      Types of parameters '__1' and 'context' are incompatible.
        Type '{ params: Promise<{ id: string; }>; }' is not assignable to type '{ params: { id: string; }; }'.
          Types of property 'params' are incompatible.
            Property 'id' is missing in type 'Promise<{ id: string; }>' but required in type '{ id: string; }'.
node.exe : npm notice
At C:\Users\kingh\App
Data\Roaming\npm\npx.
ps1:24 char:5
+     & "node$exe"  "
$basedir/node_modules
/npm/bin/npx-cli.js" 
$args
+     ~~~~~~~~~~~~~~~
~~~~~~~~~~~~~~~~~~~~~
~~~~~~~~~~~~~~~~~~~~~
~~~~~
    + CategoryInfo   
           : NotSpe  
  cified: (npm not   
 ice:String) [],     
RemoteException
    + FullyQualified 
   ErrorId : Native  
  CommandError
 
npm notice New minor 
version of npm 
available! 11.5.2 -> 
11.7.0
npm notice 
Changelog: https://gi
thub.com/npm/cli/rele
ases/tag/v11.7.0
npm notice To update 
run: npm install -g 
npm@11.7.0
npm notice
